MO Adder4bit NULL Adder4bit.v vlg6B/_adder4bit.bin 1575220428
MO Computer NULL Computer.v vlg0F/_computer.bin 1575220428
MO Reg4bit NULL Reg4bit.v vlg39/_reg4bit.bin 1575220428
MO BinTo7Seg NULL BinTo7Seg.v vlg0E/_bin_to7_seg.bin 1575220428
MO memory16 NULL memory16.v vlg6C/memory16.bin 1575220428
MO MUX8x1 NULL MUX8x1.v vlg6F/_m_u_x8x1.bin 1575220428
MO Controller NULL Controller.v vlg34/_controller.bin 1575220428
MO Main NULL Main.v vlg0D/_main.bin 1575220428
MO clkctrl NULL clkctrl.v vlg63/clkctrl.bin 1575220428
